Friday March  8 2013 02:00


NetMHC version 3.4. 9mer predictions using Artificial Neural Networks - Direct. Allele HLA-A02:01. 
Strong binder threshold  50 nM. Weak binder threshold score 500 nM



----------------------------------------------------------------------------------------------------
 pos    peptide      logscore affinity(nM) Bind Level    Protein Name  Allele
----------------------------------------------------------------------------------------------------
   0  AAAWYLWEV         0.823            6         SB         Entry_1 HLA-A02:01
   1  AAGLQDCTM         0.072        23033                    Entry_1 HLA-A02:01
   2  AARNIVRRA         0.066        24592                    Entry_1 HLA-A02:01
   3  AARPDDPTL         0.086        19689                    Entry_1 HLA-A02:01
   4  AASCGGAVF         0.075        22290                    Entry_1 HLA-A02:01
   5  AASKQQMLM         0.102        16505                    Entry_1 HLA-A02:01
   6  AASSTHRKV         0.086        19725                    Entry_1 HLA-A02:01
   7  AEALLADGL         0.079        21323                    Entry_1 HLA-A02:01
   8  AEESLSLEA         0.069        23715                    Entry_1 HLA-A02:01
   9  AEFGPWQTV         0.116        14306                    Entry_1 HLA-A02:01
--------------------------------------------------------------------------------------------------

