Friday March  8 2013 01:59


NetMHC version 3.4. 9mer predictions using Artificial Neural Networks - Direct. Allele HLA-A02:01. 
Strong binder threshold  50 nM. Weak binder threshold score 500 nM



----------------------------------------------------------------------------------------------------
 pos    peptide      logscore affinity(nM) Bind Level    Protein Name  Allele
----------------------------------------------------------------------------------------------------
   0  TMDKSELVQ         0.074        22494                    Entry_1 HLA-A02:01
   1  MDKSELVQK         0.049        29267                    Entry_1 HLA-A02:01
   2  DKSELVQKA         0.049        29432                    Entry_1 HLA-A02:01
   3  KSELVQKAK         0.052        28604                    Entry_1 HLA-A02:01
   4  SELVQKAKL         0.058        26611                    Entry_1 HLA-A02:01
   5  ELVQKAKLA         0.074        22572                    Entry_1 HLA-A02:01
   6  LVQKAKLAE         0.051        28728                    Entry_1 HLA-A02:01
   7  VQKAKLAEQ         0.065        24821                    Entry_1 HLA-A02:01
   8  QKAKLAEQA         0.059        26403                    Entry_1 HLA-A02:01
   9  KAKLAEQAE         0.043        31365                    Entry_1 HLA-A02:01
  10  AKLAEQAER         0.055        27448                    Entry_1 HLA-A02:01
  11  KLAEQAERY         0.105        16099                    Entry_1 HLA-A02:01
  12  LAEQAERYD         0.044        30956                    Entry_1 HLA-A02:01
  13  AEQAERYDD         0.048        29783                    Entry_1 HLA-A02:01
  14  EQAERYDDM         0.078        21442                    Entry_1 HLA-A02:01
  15  QAERYDDMA         0.064        24955                    Entry_1 HLA-A02:01
  16  AERYDDMAA         0.067        24341                    Entry_1 HLA-A02:01
  17  ERYDDMAAA         0.064        25075                    Entry_1 HLA-A02:01
  18  RYDDMAAAM         0.097        17565                    Entry_1 HLA-A02:01
  19  YDDMAAAMK         0.058        26655                    Entry_1 HLA-A02:01
  20  DDMAAAMKA         0.057        27125                    Entry_1 HLA-A02:01
  21  DMAAAMKAV         0.169         8018                    Entry_1 HLA-A02:01
  22  MAAAMKAVT         0.092        18501                    Entry_1 HLA-A02:01
  23  AAAMKAVTE         0.050        29126                    Entry_1 HLA-A02:01
  24  AAMKAVTEQ         0.082        20574                    Entry_1 HLA-A02:01
  25  AMKAVTEQG         0.078        21385                    Entry_1 HLA-A02:01
  26  MKAVTEQGH         0.047        30224                    Entry_1 HLA-A02:01
  27  KAVTEQGHE         0.048        29880                    Entry_1 HLA-A02:01
  28  AVTEQGHEL         0.273         2616                    Entry_1 HLA-A02:01
  29  VTEQGHELS         0.052        28472                    Entry_1 HLA-A02:01
  30  TEQGHELSN         0.049        29583                    Entry_1 HLA-A02:01
  31  EQGHELSNE         0.052        28388                    Entry_1 HLA-A02:01
  32  QGHELSNEE         0.050        29131                    Entry_1 HLA-A02:01
  33  GHELSNEER         0.050        28972                    Entry_1 HLA-A02:01
  34  HELSNEERN         0.048        29608                    Entry_1 HLA-A02:01
  35  ELSNEERNL         0.093        18313                    Entry_1 HLA-A02:01
  36  LSNEERNLL         0.080        20927                    Entry_1 HLA-A02:01
  37  SNEERNLLS         0.052        28335                    Entry_1 HLA-A02:01
  38  NEERNLLSV         0.063        25286                    Entry_1 HLA-A02:01
  39  EERNLLSVA         0.045        30618                    Entry_1 HLA-A02:01
  40  ERNLLSVAY         0.050        29003                    Entry_1 HLA-A02:01
  41  RNLLSVAYK         0.063        25158                    Entry_1 HLA-A02:01
  42  NLLSVAYKN         0.110        15272                    Entry_1 HLA-A02:01
  43  LLSVAYKNV         0.370          912                    Entry_1 HLA-A02:01
  44  LSVAYKNVV         0.138        11230                    Entry_1 HLA-A02:01
  45  SVAYKNVVG         0.066        24470                    Entry_1 HLA-A02:01
  46  VAYKNVVGA         0.172         7790                    Entry_1 HLA-A02:01
  47  AYKNVVGAR         0.051        28736                    Entry_1 HLA-A02:01
  48  YKNVVGARR         0.055        27432                    Entry_1 HLA-A02:01
  49  KNVVGARRS         0.054        27771                    Entry_1 HLA-A02:01
  50  NVVGARRSS         0.051        28757                    Entry_1 HLA-A02:01
  51  VVGARRSSW         0.050        28967                    Entry_1 HLA-A02:01
  52  VGARRSSWR         0.051        28922                    Entry_1 HLA-A02:01
  53  GARRSSWRV         0.108        15547                    Entry_1 HLA-A02:01
  54  ARRSSWRVI         0.052        28502                    Entry_1 HLA-A02:01
  55  RRSSWRVIS         0.065        24744                    Entry_1 HLA-A02:01
  56  RSSWRVISS         0.088        19241                    Entry_1 HLA-A02:01
  57  SSWRVISSI         0.294         2076                    Entry_1 HLA-A02:01
  58  SWRVISSIE         0.046        30542                    Entry_1 HLA-A02:01
  59  WRVISSIEQ         0.056        27183                    Entry_1 HLA-A02:01
  60  RVISSIEQK         0.071        23252                    Entry_1 HLA-A02:01
  61  VISSIEQKT         0.089        19152                    Entry_1 HLA-A02:01
  62  ISSIEQKTE         0.048        29797                    Entry_1 HLA-A02:01
  63  SSIEQKTER         0.058        26552                    Entry_1 HLA-A02:01
  64  SIEQKTERN         0.040        32284                    Entry_1 HLA-A02:01
  65  IEQKTERNE         0.047        30184                    Entry_1 HLA-A02:01
  66  EQKTERNEK         0.046        30454                    Entry_1 HLA-A02:01
  67  QKTERNEKK         0.046        30496                    Entry_1 HLA-A02:01
  68  KTERNEKKQ         0.041        31999                    Entry_1 HLA-A02:01
  69  TERNEKKQQ         0.036        33960                    Entry_1 HLA-A02:01
  70  ERNEKKQQM         0.045        30860                    Entry_1 HLA-A02:01
  71  RNEKKQQMG         0.050        29243                    Entry_1 HLA-A02:01
  72  NEKKQQMGK         0.050        28993                    Entry_1 HLA-A02:01
  73  EKKQQMGKE         0.039        32922                    Entry_1 HLA-A02:01
  74  KKQQMGKEY         0.048        29837                    Entry_1 HLA-A02:01
  75  KQQMGKEYR         0.068        23841                    Entry_1 HLA-A02:01
  76  QQMGKEYRE         0.071        23188                    Entry_1 HLA-A02:01
  77  QMGKEYREK         0.050        29163                    Entry_1 HLA-A02:01
  78  MGKEYREKI         0.060        26257                    Entry_1 HLA-A02:01
  79  GKEYREKIE         0.044        31068                    Entry_1 HLA-A02:01
  80  KEYREKIEA         0.067        24252                    Entry_1 HLA-A02:01
  81  EYREKIEAE         0.041        32021                    Entry_1 HLA-A02:01
  82  YREKIEAEL         0.068        23996                    Entry_1 HLA-A02:01
  83  REKIEAELQ         0.043        31543                    Entry_1 HLA-A02:01
  84  EKIEAELQD         0.047        29970                    Entry_1 HLA-A02:01
  85  KIEAELQDI         0.114        14589                    Entry_1 HLA-A02:01
  86  IEAELQDIC         0.059        26287                    Entry_1 HLA-A02:01
  87  EAELQDICN         0.042        31772                    Entry_1 HLA-A02:01
  88  AELQDICND         0.051        28672                    Entry_1 HLA-A02:01
  89  ELQDICNDV         0.244         3563                    Entry_1 HLA-A02:01
  90  LQDICNDVL         0.192         6292                    Entry_1 HLA-A02:01
  91  QDICNDVLQ         0.061        25937                    Entry_1 HLA-A02:01
  92  DICNDVLQL         0.094        18091                    Entry_1 HLA-A02:01
  93  ICNDVLQLL         0.184         6845                    Entry_1 HLA-A02:01
  94  CNDVLQLLD         0.056        27399                    Entry_1 HLA-A02:01
  95  NDVLQLLDK         0.054        27818                    Entry_1 HLA-A02:01
  96  DVLQLLDKY         0.044        31174                    Entry_1 HLA-A02:01
  97  VLQLLDKYL         0.325         1482                    Entry_1 HLA-A02:01
  98  LQLLDKYLI         0.341         1246                    Entry_1 HLA-A02:01
  99  QLLDKYLIP         0.124        13035                    Entry_1 HLA-A02:01
 100  LLDKYLIPN         0.180         7154                    Entry_1 HLA-A02:01
 101  LDKYLIPNA         0.066        24400                    Entry_1 HLA-A02:01
 102  DKYLIPNAT         0.051        28837                    Entry_1 HLA-A02:01
 103  KYLIPNATQ         0.051        28724                    Entry_1 HLA-A02:01
 104  YLIPNATQP         0.174         7628                    Entry_1 HLA-A02:01
 105  LIPNATQPE         0.053        28146                    Entry_1 HLA-A02:01
 106  IPNATQPES         0.065        24629                    Entry_1 HLA-A02:01
 107  PNATQPESK         0.043        31261                    Entry_1 HLA-A02:01
 108  NATQPESKV         0.066        24563                    Entry_1 HLA-A02:01
 109  ATQPESKVF         0.056        27272                    Entry_1 HLA-A02:01
 110  TQPESKVFY         0.071        23084                    Entry_1 HLA-A02:01
 111  QPESKVFYL         0.072        23025                    Entry_1 HLA-A02:01
 112  PESKVFYLK         0.054        27912                    Entry_1 HLA-A02:01
 113  ESKVFYLKM         0.054        27969                    Entry_1 HLA-A02:01
 114  SKVFYLKMK         0.052        28441                    Entry_1 HLA-A02:01
 115  KVFYLKMKG         0.084        20213                    Entry_1 HLA-A02:01
 116  VFYLKMKGD         0.046        30407                    Entry_1 HLA-A02:01
 117  FYLKMKGDY         0.053        28041                    Entry_1 HLA-A02:01
 118  YLKMKGDYF         0.106        15889                    Entry_1 HLA-A02:01
 119  LKMKGDYFR         0.070        23485                    Entry_1 HLA-A02:01
 120  KMKGDYFRY         0.088        19257                    Entry_1 HLA-A02:01
 121  MKGDYFRYL         0.140        11021                    Entry_1 HLA-A02:01
 122  KGDYFRYLS         0.081        20886                    Entry_1 HLA-A02:01
 123  GDYFRYLSE         0.052        28444                    Entry_1 HLA-A02:01
 124  DYFRYLSEV         0.107        15646                    Entry_1 HLA-A02:01
 125  YFRYLSEVA         0.084        20193                    Entry_1 HLA-A02:01
 126  FRYLSEVAS         0.066        24462                    Entry_1 HLA-A02:01
 127  RYLSEVASG         0.068        23965                    Entry_1 HLA-A02:01
 128  YLSEVASGD         0.136        11451                    Entry_1 HLA-A02:01
 129  LSEVASGDN         0.048        29618                    Entry_1 HLA-A02:01
 130  SEVASGDNK         0.048        29845                    Entry_1 HLA-A02:01
 131  EVASGDNKQ         0.043        31238                    Entry_1 HLA-A02:01
 132  VASGDNKQT         0.062        25667                    Entry_1 HLA-A02:01
 133  ASGDNKQTT         0.057        27066                    Entry_1 HLA-A02:01
 134  SGDNKQTTV         0.097        17538                    Entry_1 HLA-A02:01
 135  GDNKQTTVS         0.054        27831                    Entry_1 HLA-A02:01
 136  DNKQTTVSN         0.042        31631                    Entry_1 HLA-A02:01
 137  NKQTTVSNS         0.057        26908                    Entry_1 HLA-A02:01
 138  KQTTVSNSQ         0.078        21601                    Entry_1 HLA-A02:01
 139  QTTVSNSQQ         0.047        30025                    Entry_1 HLA-A02:01
 140  TTVSNSQQA         0.107        15631                    Entry_1 HLA-A02:01
 141  TVSNSQQAY         0.057        26991                    Entry_1 HLA-A02:01
 142  VSNSQQAYQ         0.056        27168                    Entry_1 HLA-A02:01
 143  SNSQQAYQE         0.048        29792                    Entry_1 HLA-A02:01
 144  NSQQAYQEA         0.068        24078                    Entry_1 HLA-A02:01
 145  SQQAYQEAF         0.112        14892                    Entry_1 HLA-A02:01
 146  QQAYQEAFE         0.071        23194                    Entry_1 HLA-A02:01
 147  QAYQEAFEI         0.189         6478                    Entry_1 HLA-A02:01
 148  AYQEAFEIS         0.061        25912                    Entry_1 HLA-A02:01
 149  YQEAFEISK         0.086        19755                    Entry_1 HLA-A02:01
 150  QEAFEISKK         0.049        29351                    Entry_1 HLA-A02:01
 151  EAFEISKKE         0.043        31229                    Entry_1 HLA-A02:01
 152  AFEISKKEM         0.047        30093                    Entry_1 HLA-A02:01
 153  FEISKKEMQ         0.053        28304                    Entry_1 HLA-A02:01
 154  EISKKEMQP         0.049        29507                    Entry_1 HLA-A02:01
 155  ISKKEMQPT         0.064        25105                    Entry_1 HLA-A02:01
 156  SKKEMQPTH         0.044        31120                    Entry_1 HLA-A02:01
 157  KKEMQPTHP         0.050        29148                    Entry_1 HLA-A02:01
 158  KEMQPTHPI         0.158         9033                    Entry_1 HLA-A02:01
 159  EMQPTHPIR         0.047        30147                    Entry_1 HLA-A02:01
 160  MQPTHPIRL         0.303         1876                    Entry_1 HLA-A02:01
 161  QPTHPIRLG         0.057        27115                    Entry_1 HLA-A02:01
 162  PTHPIRLGL         0.063        25207                    Entry_1 HLA-A02:01
 163  THPIRLGLA         0.054        27893                    Entry_1 HLA-A02:01
 164  HPIRLGLAL         0.073        22787                    Entry_1 HLA-A02:01
 165  PIRLGLALN         0.039        32941                    Entry_1 HLA-A02:01
 166  IRLGLALNF         0.069        23699                    Entry_1 HLA-A02:01
 167  RLGLALNFS         0.163         8555                    Entry_1 HLA-A02:01
 168  LGLALNFSV         0.348         1160                    Entry_1 HLA-A02:01
 169  GLALNFSVF         0.102        16502                    Entry_1 HLA-A02:01
 170  LALNFSVFY         0.096        17637                    Entry_1 HLA-A02:01
 171  ALNFSVFYY         0.228         4259                    Entry_1 HLA-A02:01
 172  LNFSVFYYE         0.077        21647                    Entry_1 HLA-A02:01
 173  NFSVFYYEI         0.161         8727                    Entry_1 HLA-A02:01
 174  FSVFYYEIL         0.243         3596                    Entry_1 HLA-A02:01
 175  SVFYYEILN         0.087        19553                    Entry_1 HLA-A02:01
 176  VFYYEILNS         0.073        22659                    Entry_1 HLA-A02:01
 177  FYYEILNSP         0.121        13488                    Entry_1 HLA-A02:01
 178  YYEILNSPE         0.054        28017                    Entry_1 HLA-A02:01
 179  YEILNSPEK         0.075        22292                    Entry_1 HLA-A02:01
 180  EILNSPEKA         0.089        19127                    Entry_1 HLA-A02:01
 181  ILNSPEKAC         0.068        24023                    Entry_1 HLA-A02:01
 182  LNSPEKACS         0.047        30158                    Entry_1 HLA-A02:01
 183  NSPEKACSL         0.087        19528                    Entry_1 HLA-A02:01
 184  SPEKACSLA         0.054        27933                    Entry_1 HLA-A02:01
 185  PEKACSLAK         0.049        29477                    Entry_1 HLA-A02:01
 186  EKACSLAKT         0.053        28111                    Entry_1 HLA-A02:01
 187  KACSLAKTA         0.080        21025                    Entry_1 HLA-A02:01
 188  ACSLAKTAF         0.057        26866                    Entry_1 HLA-A02:01
 189  CSLAKTAFD         0.066        24516                    Entry_1 HLA-A02:01
 190  SLAKTAFDE         0.073        22741                    Entry_1 HLA-A02:01
 191  LAKTAFDEA         0.074        22559                    Entry_1 HLA-A02:01
 192  AKTAFDEAI         0.080        20969                    Entry_1 HLA-A02:01
 193  KTAFDEAIA         0.129        12383                    Entry_1 HLA-A02:01
 194  TAFDEAIAE         0.056        27259                    Entry_1 HLA-A02:01
 195  AFDEAIAEL         0.257         3092                    Entry_1 HLA-A02:01
 196  FDEAIAELD         0.052        28397                    Entry_1 HLA-A02:01
 197  DEAIAELDT         0.046        30463                    Entry_1 HLA-A02:01
 198  EAIAELDTL         0.093        18285                    Entry_1 HLA-A02:01
 199  AIAELDTLN         0.072        22929                    Entry_1 HLA-A02:01
 200  IAELDTLNE         0.051        28731                    Entry_1 HLA-A02:01
 201  AELDTLNEE         0.054        27894                    Entry_1 HLA-A02:01
 202  ELDTLNEES         0.073        22805                    Entry_1 HLA-A02:01
 203  LDTLNEESY         0.049        29388                    Entry_1 HLA-A02:01
 204  DTLNEESYK         0.047        29939                    Entry_1 HLA-A02:01
 205  TLNEESYKD         0.070        23428                    Entry_1 HLA-A02:01
 206  LNEESYKDS         0.049        29466                    Entry_1 HLA-A02:01
 207  NEESYKDST         0.056        27351                    Entry_1 HLA-A02:01
 208  EESYKDSTL         0.054        28010                    Entry_1 HLA-A02:01
 209  ESYKDSTLI         0.078        21571                    Entry_1 HLA-A02:01
 210  SYKDSTLIM         0.064        25148                    Entry_1 HLA-A02:01
 211  YKDSTLIMQ         0.071        23292                    Entry_1 HLA-A02:01
 212  KDSTLIMQL         0.084        20249                    Entry_1 HLA-A02:01
 213  DSTLIMQLL         0.060        26126                    Entry_1 HLA-A02:01
 214  STLIMQLLR         0.067        24269                    Entry_1 HLA-A02:01
 215  TLIMQLLRD         0.072        23006                    Entry_1 HLA-A02:01
 216  LIMQLLRDN         0.061        25829                    Entry_1 HLA-A02:01
 217  IMQLLRDNL         0.250         3356                    Entry_1 HLA-A02:01
 218  MQLLRDNLT         0.160         8841                    Entry_1 HLA-A02:01
 219  QLLRDNLTL         0.492          243         WB         Entry_1 HLA-A02:01
 220  LLRDNLTLW         0.077        21826                    Entry_1 HLA-A02:01
 221  LRDNLTLWT         0.072        22923                    Entry_1 HLA-A02:01
 222  RDNLTLWTS         0.069        23638                    Entry_1 HLA-A02:01
 223  DNLTLWTSE         0.047        30216                    Entry_1 HLA-A02:01
 224  NLTLWTSEN         0.067        24253                    Entry_1 HLA-A02:01
 225  LTLWTSENQ         0.070        23476                    Entry_1 HLA-A02:01
 226  TLWTSENQG         0.104        16168                    Entry_1 HLA-A02:01
 227  LWTSENQGD         0.049        29522                    Entry_1 HLA-A02:01
 228  WTSENQGDE         0.057        26964                    Entry_1 HLA-A02:01
 229  TSENQGDEG         0.054        28002                    Entry_1 HLA-A02:01
 230  SENQGDEGD         0.046        30378                    Entry_1 HLA-A02:01
 231  ENQGDEGDA         0.043        31326                    Entry_1 HLA-A02:01
 232  NQGDEGDAG         0.066        24390                    Entry_1 HLA-A02:01
 233  QGDEGDAGE         0.055        27623                    Entry_1 HLA-A02:01
 234  GDEGDAGEG         0.052        28506                    Entry_1 HLA-A02:01
 235  DEGDAGEGE         0.043        31355                    Entry_1 HLA-A02:01
 236  EGDAGEGEN         0.046        30244                    Entry_1 HLA-A02:01
--------------------------------------------------------------------------------------------------

