# /home/projects/mniel/netMHCII-2.2/Linux_ia64/bin/netMHCII test/test.fsa
# Thu Mar 11 03:25:04 2010
# User: mniel
# PWD : /home/projects/mniel/netMHCII-2.2
# Host: Linux interaction 2.6.16.54-0.2.12-default ia64
# Command line parameters set to:
#	[-a filename]        HLA-DRB10101         Allele name
#	[-d filename]        /home/projects/mniel/netMHCII-2.2/Linux_ia64 Directory for executables and data
#	[-t float]           -99.900002           Threshold for output
#	[-s]                 0                    Sort output on descending affinity
#	[-w]                 0                    w option for webface
#	[-f filename]                             File name with input
#	[-tdir filename]     /scratch             Temporary directory
#	[-wt float]          500.000000           Threshold for weak binders
#	[-st float]          50.000000            Threshold for strong binders
#	[-l int]             15                   Peptide length
#	[-v]                 0                    Verbose mode
#	[-dirty]             0                    Dirty mode
#	[-list]              0                    List alleles covered by NetMHCII method
#	[-p]                 0                    Use peptide input
#	[-xP1]               0                    Exclude P1 amino acids encoding
#	[-thrfmt filename]   /home/projects/mniel/netMHCII-2.2/Linux_ia64/data/threshold%s/%s.thr Format for threshold filenames
#	[-exthr]             0                    Exclude % Threshold calibration
# Input is in FSA format

# Peptide length 15
	NetMHCII version 2.2.

Strong binder threshold  50.00. Weak binder threshold 500.00.

------------------------------------------------------------------------------------------------
      Allele  pos          peptide       core 1-log50k(aff) affinity(nM) Bind Level  %Random     Identity
------------------------------------------------------------------------------------------------
HLA-DRB10101    0  TMDKSELVQKAKLAE  ELVQKAKLA        0.6168         63.2         WB    32.00   143B_BOVIN
HLA-DRB10101    1  MDKSELVQKAKLAEQ  ELVQKAKLA        0.6702         35.5         SB    32.00   143B_BOVIN
HLA-DRB10101    2  DKSELVQKAKLAEQA  ELVQKAKLA        0.7289         18.8         SB    16.00   143B_BOVIN
HLA-DRB10101    3  KSELVQKAKLAEQAE  ELVQKAKLA        0.7169         21.4         SB    16.00   143B_BOVIN
HLA-DRB10101    4  SELVQKAKLAEQAER  ELVQKAKLA        0.6389         49.8         SB    32.00   143B_BOVIN
HLA-DRB10101    5  ELVQKAKLAEQAERY  ELVQKAKLA        0.5708        103.9         WB    32.00   143B_BOVIN
HLA-DRB10101    6  LVQKAKLAEQAERYD  QKAKLAEQA        0.3577       1042.1               50.00   143B_BOVIN
HLA-DRB10101    7  VQKAKLAEQAERYDD  KLAEQAERY        0.3343       1343.6               50.00   143B_BOVIN
HLA-DRB10101    8  QKAKLAEQAERYDDM  KLAEQAERY        0.4484        390.9         WB    50.00   143B_BOVIN
HLA-DRB10101    9  KAKLAEQAERYDDMA  KLAEQAERY        0.3553       1070.3               50.00   143B_BOVIN
HLA-DRB10101   10  AKLAEQAERYDDMAA  KLAEQAERY        0.2537       3211.3               50.00   143B_BOVIN
HLA-DRB10101   11  KLAEQAERYDDMAAA  KLAEQAERY        0.2141       4929.7               50.00   143B_BOVIN
HLA-DRB10101   12  LAEQAERYDDMAAAM  ERYDDMAAA        0.2030       5561.6               50.00   143B_BOVIN
HLA-DRB10101   13  AEQAERYDDMAAAMK  YDDMAAAMK        0.5503        129.8         WB    50.00   143B_BOVIN
HLA-DRB10101   14  EQAERYDDMAAAMKA  YDDMAAAMK        0.6209         60.5         WB    32.00   143B_BOVIN
HLA-DRB10101   15  QAERYDDMAAAMKAV  YDDMAAAMK        0.6782         32.5         SB    32.00   143B_BOVIN
HLA-DRB10101   16  AERYDDMAAAMKAVT  YDDMAAAMK        0.7166         21.5         SB    16.00   143B_BOVIN
HLA-DRB10101   17  ERYDDMAAAMKAVTE  DDMAAAMKA        0.6966         26.7         SB    16.00   143B_BOVIN
HLA-DRB10101   18  RYDDMAAAMKAVTEQ  YDDMAAAMK        0.6524         43.0         SB    32.00   143B_BOVIN
HLA-DRB10101   19  YDDMAAAMKAVTEQG  YDDMAAAMK        0.5717        102.9         WB    32.00   143B_BOVIN
HLA-DRB10101   20  DDMAAAMKAVTEQGH  DDMAAAMKA        0.4685        314.3         WB    50.00   143B_BOVIN
HLA-DRB10101   21  DMAAAMKAVTEQGHE  AAAMKAVTE        0.4239        509.2               50.00   143B_BOVIN
HLA-DRB10101   22  MAAAMKAVTEQGHEL  AAAMKAVTE        0.4292        480.9         WB    50.00   143B_BOVIN
HLA-DRB10101   23  AAAMKAVTEQGHELS  AVTEQGHEL        0.3959        690.0               50.00   143B_BOVIN
HLA-DRB10101   24  AAMKAVTEQGHELSN  AVTEQGHEL        0.4281        487.1         WB    50.00   143B_BOVIN
HLA-DRB10101   25  AMKAVTEQGHELSNE  AVTEQGHEL        0.4596        346.2         WB    50.00   143B_BOVIN
HLA-DRB10101   26  MKAVTEQGHELSNEE  AVTEQGHEL        0.3933        709.5               50.00   143B_BOVIN
HLA-DRB10101   27  KAVTEQGHELSNEER  AVTEQGHEL        0.3127       1696.8               50.00   143B_BOVIN
HLA-DRB10101   28  AVTEQGHELSNEERN  AVTEQGHEL        0.2537       3213.0               50.00   143B_BOVIN
HLA-DRB10101   29  VTEQGHELSNEERNL  GHELSNEER        0.1857       6702.6               50.00   143B_BOVIN
HLA-DRB10101   30  TEQGHELSNEERNLL  GHELSNEER        0.2055       5414.5               50.00   143B_BOVIN
HLA-DRB10101   31  EQGHELSNEERNLLS  SNEERNLLS        0.2228       4489.1               50.00   143B_BOVIN
HLA-DRB10101   32  QGHELSNEERNLLSV  SNEERNLLS        0.2743       2570.7               50.00   143B_BOVIN
HLA-DRB10101   33  GHELSNEERNLLSVA  SNEERNLLS        0.3328       1365.5               50.00   143B_BOVIN
HLA-DRB10101   34  HELSNEERNLLSVAY  SNEERNLLS        0.4124        576.9               50.00   143B_BOVIN
HLA-DRB10101   35  ELSNEERNLLSVAYK  SNEERNLLS        0.4026        641.8               50.00   143B_BOVIN
HLA-DRB10101   36  LSNEERNLLSVAYKN  ERNLLSVAY        0.4573        354.8         WB    50.00   143B_BOVIN
HLA-DRB10101   37  SNEERNLLSVAYKNV  ERNLLSVAY        0.5199        180.3         WB    50.00   143B_BOVIN
HLA-DRB10101   38  NEERNLLSVAYKNVV  NLLSVAYKN        0.5223        175.6         WB    50.00   143B_BOVIN
HLA-DRB10101   39  EERNLLSVAYKNVVG  NLLSVAYKN        0.5381        148.1         WB    50.00   143B_BOVIN
HLA-DRB10101   40  ERNLLSVAYKNVVGA  LLSVAYKNV        0.5398        145.3         WB    50.00   143B_BOVIN
HLA-DRB10101   41  RNLLSVAYKNVVGAR  LLSVAYKNV        0.5163        187.6         WB    50.00   143B_BOVIN
HLA-DRB10101   42  NLLSVAYKNVVGARR  YKNVVGARR        0.6292         55.2         WB    32.00   143B_BOVIN
HLA-DRB10101   43  LLSVAYKNVVGARRS  YKNVVGARR        0.6900         28.6         SB    16.00   143B_BOVIN
HLA-DRB10101   44  LSVAYKNVVGARRSS  YKNVVGARR        0.7372         17.2         SB    16.00   143B_BOVIN
HLA-DRB10101   45  SVAYKNVVGARRSSW  YKNVVGARR        0.7821         10.6         SB     8.00   143B_BOVIN
HLA-DRB10101   46  VAYKNVVGARRSSWR  YKNVVGARR        0.7424         16.2         SB    16.00   143B_BOVIN
HLA-DRB10101   47  AYKNVVGARRSSWRV  YKNVVGARR        0.6799         31.9         SB    32.00   143B_BOVIN
HLA-DRB10101   48  YKNVVGARRSSWRVI  YKNVVGARR        0.6089         68.8         WB    32.00   143B_BOVIN
HLA-DRB10101   49  KNVVGARRSSWRVIS  KNVVGARRS        0.3783        834.8               50.00   143B_BOVIN
HLA-DRB10101   50  NVVGARRSSWRVISS  ARRSSWRVI        0.3429       1223.1               50.00   143B_BOVIN
HLA-DRB10101   51  VVGARRSSWRVISSI  ARRSSWRVI        0.3814        806.9               50.00   143B_BOVIN
HLA-DRB10101   52  VGARRSSWRVISSIE  ARRSSWRVI        0.3566       1055.1               50.00   143B_BOVIN
HLA-DRB10101   53  GARRSSWRVISSIEQ  WRVISSIEQ        0.5863         87.9         WB    32.00   143B_BOVIN
HLA-DRB10101   54  ARRSSWRVISSIEQK  WRVISSIEQ        0.6637         38.1         SB    32.00   143B_BOVIN
HLA-DRB10101   55  RRSSWRVISSIEQKT  WRVISSIEQ        0.7191         20.9         SB    16.00   143B_BOVIN
HLA-DRB10101   56  RSSWRVISSIEQKTE  WRVISSIEQ        0.7387         16.9         SB    16.00   143B_BOVIN
HLA-DRB10101   57  SSWRVISSIEQKTER  WRVISSIEQ        0.6610         39.2         SB    32.00   143B_BOVIN
HLA-DRB10101   58  SWRVISSIEQKTERN  WRVISSIEQ        0.5908         83.7         WB    32.00   143B_BOVIN
HLA-DRB10101   59  WRVISSIEQKTERNE  WRVISSIEQ        0.5112        198.1         WB    50.00   143B_BOVIN
HLA-DRB10101   60  RVISSIEQKTERNEK  VISSIEQKT        0.2225       4504.6               50.00   143B_BOVIN
HLA-DRB10101   61  VISSIEQKTERNEKK  SIEQKTERN        0.1793       7188.6               50.00   143B_BOVIN
HLA-DRB10101   62  ISSIEQKTERNEKKQ  SIEQKTERN        0.1276      12566.4               50.00   143B_BOVIN
HLA-DRB10101   63  SSIEQKTERNEKKQQ  SIEQKTERN        0.1076      15603.9               50.00   143B_BOVIN
HLA-DRB10101   64  SIEQKTERNEKKQQM  QKTERNEKK        0.1191      13777.6               50.00   143B_BOVIN
HLA-DRB10101   65  IEQKTERNEKKQQMG  ERNEKKQQM        0.1158      14287.5               50.00   143B_BOVIN
HLA-DRB10101   66  EQKTERNEKKQQMGK  ERNEKKQQM        0.1200      13652.8               50.00   143B_BOVIN
HLA-DRB10101   67  QKTERNEKKQQMGKE  ERNEKKQQM        0.1207      13538.6               50.00   143B_BOVIN
HLA-DRB10101   68  KTERNEKKQQMGKEY  KKQQMGKEY        0.1915       6295.9               50.00   143B_BOVIN
HLA-DRB10101   69  TERNEKKQQMGKEYR  KKQQMGKEY        0.2075       5293.4               50.00   143B_BOVIN
HLA-DRB10101   70  ERNEKKQQMGKEYRE  KKQQMGKEY        0.2105       5125.5               50.00   143B_BOVIN
HLA-DRB10101   71  RNEKKQQMGKEYREK  KKQQMGKEY        0.2331       4013.0               50.00   143B_BOVIN
HLA-DRB10101   72  NEKKQQMGKEYREKI  KKQQMGKEY        0.1967       5951.2               50.00   143B_BOVIN
HLA-DRB10101   73  EKKQQMGKEYREKIE  KKQQMGKEY        0.1825       6944.2               50.00   143B_BOVIN
HLA-DRB10101   74  KKQQMGKEYREKIEA  KKQQMGKEY        0.1813       7033.7               50.00   143B_BOVIN
HLA-DRB10101   75  KQQMGKEYREKIEAE  MGKEYREKI        0.1369      11362.4               50.00   143B_BOVIN
HLA-DRB10101   76  QQMGKEYREKIEAEL  YREKIEAEL        0.1959       6003.2               50.00   143B_BOVIN
HLA-DRB10101   77  QMGKEYREKIEAELQ  YREKIEAEL        0.2444       3554.0               50.00   143B_BOVIN
HLA-DRB10101   78  MGKEYREKIEAELQD  YREKIEAEL        0.2441       3563.0               50.00   143B_BOVIN
HLA-DRB10101   79  GKEYREKIEAELQDI  YREKIEAEL        0.3304       1400.7               50.00   143B_BOVIN
HLA-DRB10101   80  KEYREKIEAELQDIC  REKIEAELQ        0.3142       1670.0               50.00   143B_BOVIN
HLA-DRB10101   81  EYREKIEAELQDICN  REKIEAELQ        0.2608       2976.5               50.00   143B_BOVIN
HLA-DRB10101   82  YREKIEAELQDICND  REKIEAELQ        0.2399       3729.7               50.00   143B_BOVIN
HLA-DRB10101   83  REKIEAELQDICNDV  REKIEAELQ        0.1902       6382.9               50.00   143B_BOVIN
HLA-DRB10101   84  EKIEAELQDICNDVL  LQDICNDVL        0.2291       4193.6               50.00   143B_BOVIN
HLA-DRB10101   85  KIEAELQDICNDVLQ  LQDICNDVL        0.2648       2849.9               50.00   143B_BOVIN
HLA-DRB10101   86  IEAELQDICNDVLQL  LQDICNDVL        0.3560       1062.1               50.00   143B_BOVIN
HLA-DRB10101   87  EAELQDICNDVLQLL  LQDICNDVL        0.4368        443.1         WB    50.00   143B_BOVIN
HLA-DRB10101   88  AELQDICNDVLQLLD  LQDICNDVL        0.4115        582.4               50.00   143B_BOVIN
HLA-DRB10101   89  ELQDICNDVLQLLDK  LQDICNDVL        0.3985        670.2               50.00   143B_BOVIN
HLA-DRB10101   90  LQDICNDVLQLLDKY  LQDICNDVL        0.4027        640.7               50.00   143B_BOVIN
HLA-DRB10101   91  QDICNDVLQLLDKYL  VLQLLDKYL        0.5465        135.3         WB    50.00   143B_BOVIN
HLA-DRB10101   92  DICNDVLQLLDKYLI  VLQLLDKYL        0.6382         50.1         WB    32.00   143B_BOVIN
HLA-DRB10101   93  ICNDVLQLLDKYLIP  VLQLLDKYL        0.6180         62.4         WB    32.00   143B_BOVIN
HLA-DRB10101   94  CNDVLQLLDKYLIPN  VLQLLDKYL        0.6559         41.4         SB    32.00   143B_BOVIN
HLA-DRB10101   95  NDVLQLLDKYLIPNA  VLQLLDKYL        0.6154         64.1         WB    32.00   143B_BOVIN
HLA-DRB10101   96  DVLQLLDKYLIPNAT  VLQLLDKYL        0.5915         83.1         WB    32.00   143B_BOVIN
HLA-DRB10101   97  VLQLLDKYLIPNATQ  DKYLIPNAT        0.6195         61.4         WB    32.00   143B_BOVIN
HLA-DRB10101   98  LQLLDKYLIPNATQP  DKYLIPNAT        0.5979         77.5         WB    32.00   143B_BOVIN
HLA-DRB10101   99  QLLDKYLIPNATQPE  DKYLIPNAT        0.6293         55.2         WB    32.00   143B_BOVIN
HLA-DRB10101  100  LLDKYLIPNATQPES  DKYLIPNAT        0.6065         70.7         WB    32.00   143B_BOVIN
HLA-DRB10101  101  LDKYLIPNATQPESK  YLIPNATQP        0.6042         72.4         WB    32.00   143B_BOVIN
HLA-DRB10101  102  DKYLIPNATQPESKV  YLIPNATQP        0.4884        253.4         WB    50.00   143B_BOVIN
HLA-DRB10101  103  KYLIPNATQPESKVF  YLIPNATQP        0.4679        316.6         WB    50.00   143B_BOVIN
HLA-DRB10101  104  YLIPNATQPESKVFY  NATQPESKV        0.3563       1058.7               50.00   143B_BOVIN
HLA-DRB10101  105  LIPNATQPESKVFYL  NATQPESKV        0.4105        588.9               50.00   143B_BOVIN
HLA-DRB10101  106  IPNATQPESKVFYLK  NATQPESKV        0.3536       1090.1               50.00   143B_BOVIN
HLA-DRB10101  107  PNATQPESKVFYLKM  ESKVFYLKM        0.3959        689.6               50.00   143B_BOVIN
HLA-DRB10101  108  NATQPESKVFYLKMK  ESKVFYLKM        0.4241        508.2               50.00   143B_BOVIN
HLA-DRB10101  109  ATQPESKVFYLKMKG  ESKVFYLKM        0.4335        459.0         WB    50.00   143B_BOVIN
HLA-DRB10101  110  TQPESKVFYLKMKGD  ESKVFYLKM        0.4351        451.1         WB    50.00   143B_BOVIN
HLA-DRB10101  111  QPESKVFYLKMKGDY  VFYLKMKGD        0.4593        347.2         WB    50.00   143B_BOVIN
HLA-DRB10101  112  PESKVFYLKMKGDYF  YLKMKGDYF        0.7619         13.2         SB     8.00   143B_BOVIN
HLA-DRB10101  113  ESKVFYLKMKGDYFR  YLKMKGDYF        0.8105          7.8         SB     4.00   143B_BOVIN
HLA-DRB10101  114  SKVFYLKMKGDYFRY  YLKMKGDYF        0.8439          5.4         SB     1.25   143B_BOVIN
HLA-DRB10101  115  KVFYLKMKGDYFRYL  YLKMKGDYF        0.8651          4.3         SB     0.30   143B_BOVIN
HLA-DRB10101  116  VFYLKMKGDYFRYLS  YLKMKGDYF        0.8546          4.8         SB     0.70   143B_BOVIN
HLA-DRB10101  117  FYLKMKGDYFRYLSE  YLKMKGDYF        0.8394          5.7         SB     1.50   143B_BOVIN
HLA-DRB10101  118  YLKMKGDYFRYLSEV  YLKMKGDYF        0.8047          8.3         SB     4.00   143B_BOVIN
HLA-DRB10101  119  LKMKGDYFRYLSEVA  YFRYLSEVA        0.5328        156.7         WB    50.00   143B_BOVIN
HLA-DRB10101  120  KMKGDYFRYLSEVAS  FRYLSEVAS        0.7598         13.4         SB     8.00   143B_BOVIN
HLA-DRB10101  121  MKGDYFRYLSEVASG  FRYLSEVAS        0.7866         10.1         SB     8.00   143B_BOVIN
HLA-DRB10101  122  KGDYFRYLSEVASGD  FRYLSEVAS        0.7874         10.0         SB     8.00   143B_BOVIN
HLA-DRB10101  123  GDYFRYLSEVASGDN  FRYLSEVAS        0.8086          7.9         SB     4.00   143B_BOVIN
HLA-DRB10101  124  DYFRYLSEVASGDNK  FRYLSEVAS        0.7963          9.1         SB     8.00   143B_BOVIN
HLA-DRB10101  125  YFRYLSEVASGDNKQ  FRYLSEVAS        0.8040          8.3         SB     4.00   143B_BOVIN
HLA-DRB10101  126  FRYLSEVASGDNKQT  FRYLSEVAS        0.7524         14.6         SB    16.00   143B_BOVIN
HLA-DRB10101  127  RYLSEVASGDNKQTT  YLSEVASGD        0.6068         70.4         WB    32.00   143B_BOVIN
HLA-DRB10101  128  YLSEVASGDNKQTTV  YLSEVASGD        0.4959        233.8         WB    50.00   143B_BOVIN
HLA-DRB10101  129  LSEVASGDNKQTTVS  VASGDNKQT        0.3139       1674.5               50.00   143B_BOVIN
HLA-DRB10101  130  SEVASGDNKQTTVSN  VASGDNKQT        0.2838       2320.6               50.00   143B_BOVIN
HLA-DRB10101  131  EVASGDNKQTTVSNS  VASGDNKQT        0.2630       2905.8               50.00   143B_BOVIN
HLA-DRB10101  132  VASGDNKQTTVSNSQ  VASGDNKQT        0.2479       3420.9               50.00   143B_BOVIN
HLA-DRB10101  133  ASGDNKQTTVSNSQQ  NKQTTVSNS        0.1867       6633.5               50.00   143B_BOVIN
HLA-DRB10101  134  SGDNKQTTVSNSQQA  TTVSNSQQA        0.2715       2649.3               50.00   143B_BOVIN
HLA-DRB10101  135  GDNKQTTVSNSQQAY  TTVSNSQQA        0.2903       2161.7               50.00   143B_BOVIN
HLA-DRB10101  136  DNKQTTVSNSQQAYQ  TTVSNSQQA        0.3101       1745.7               50.00   143B_BOVIN
HLA-DRB10101  137  NKQTTVSNSQQAYQE  TTVSNSQQA        0.3251       1483.8               50.00   143B_BOVIN
HLA-DRB10101  138  KQTTVSNSQQAYQEA  TTVSNSQQA        0.3042       1860.3               50.00   143B_BOVIN
HLA-DRB10101  139  QTTVSNSQQAYQEAF  SNSQQAYQE        0.2937       2083.0               50.00   143B_BOVIN
HLA-DRB10101  140  TTVSNSQQAYQEAFE  SNSQQAYQE        0.3061       1822.7               50.00   143B_BOVIN
HLA-DRB10101  141  TVSNSQQAYQEAFEI  SNSQQAYQE        0.2741       2577.5               50.00   143B_BOVIN
HLA-DRB10101  142  VSNSQQAYQEAFEIS  SNSQQAYQE        0.2523       3262.3               50.00   143B_BOVIN
HLA-DRB10101  143  SNSQQAYQEAFEISK  QAYQEAFEI        0.2655       2828.9               50.00   143B_BOVIN
HLA-DRB10101  144  NSQQAYQEAFEISKK  QAYQEAFEI        0.3258       1472.5               50.00   143B_BOVIN
HLA-DRB10101  145  SQQAYQEAFEISKKE  QAYQEAFEI        0.2951       2051.5               50.00   143B_BOVIN
HLA-DRB10101  146  QQAYQEAFEISKKEM  YQEAFEISK        0.2712       2657.3               50.00   143B_BOVIN
HLA-DRB10101  147  QAYQEAFEISKKEMQ  QAYQEAFEI        0.2344       3960.3               50.00   143B_BOVIN
HLA-DRB10101  148  AYQEAFEISKKEMQP  AYQEAFEIS        0.1965       5967.3               50.00   143B_BOVIN
HLA-DRB10101  149  YQEAFEISKKEMQPT  ISKKEMQPT        0.1851       6747.2               50.00   143B_BOVIN
HLA-DRB10101  150  QEAFEISKKEMQPTH  ISKKEMQPT        0.2017       5638.8               50.00   143B_BOVIN
HLA-DRB10101  151  EAFEISKKEMQPTHP  ISKKEMQPT        0.2072       5315.7               50.00   143B_BOVIN
HLA-DRB10101  152  AFEISKKEMQPTHPI  KEMQPTHPI        0.4043        629.8               50.00   143B_BOVIN
HLA-DRB10101  153  FEISKKEMQPTHPIR  KEMQPTHPI        0.5044        213.1         WB    50.00   143B_BOVIN
HLA-DRB10101  154  EISKKEMQPTHPIRL  KEMQPTHPI        0.6351         51.9         WB    32.00   143B_BOVIN
HLA-DRB10101  155  ISKKEMQPTHPIRLG  KEMQPTHPI        0.6712         35.1         SB    32.00   143B_BOVIN
HLA-DRB10101  156  SKKEMQPTHPIRLGL  KEMQPTHPI        0.5970         78.2         WB    32.00   143B_BOVIN
HLA-DRB10101  157  KKEMQPTHPIRLGLA  MQPTHPIRL        0.5810         93.1         WB    32.00   143B_BOVIN
HLA-DRB10101  158  KEMQPTHPIRLGLAL  THPIRLGLA        0.5434        139.9         WB    50.00   143B_BOVIN
HLA-DRB10101  159  EMQPTHPIRLGLALN  THPIRLGLA        0.5731        101.4         WB    32.00   143B_BOVIN
HLA-DRB10101  160  MQPTHPIRLGLALNF  THPIRLGLA        0.6707         35.3         SB    32.00   143B_BOVIN
HLA-DRB10101  161  QPTHPIRLGLALNFS  IRLGLALNF        0.6437         47.2         SB    32.00   143B_BOVIN
HLA-DRB10101  162  PTHPIRLGLALNFSV  IRLGLALNF        0.6655         37.3         SB    32.00   143B_BOVIN
HLA-DRB10101  163  THPIRLGLALNFSVF  IRLGLALNF        0.6963         26.7         SB    16.00   143B_BOVIN
HLA-DRB10101  164  HPIRLGLALNFSVFY  IRLGLALNF        0.6750         33.7         SB    32.00   143B_BOVIN
HLA-DRB10101  165  PIRLGLALNFSVFYY  LGLALNFSV        0.6668         36.8         SB    32.00   143B_BOVIN
HLA-DRB10101  166  IRLGLALNFSVFYYE  IRLGLALNF        0.6300         54.8         WB    32.00   143B_BOVIN
HLA-DRB10101  167  RLGLALNFSVFYYEI  LALNFSVFY        0.5932         81.6         WB    32.00   143B_BOVIN
HLA-DRB10101  168  LGLALNFSVFYYEIL  LGLALNFSV        0.5260        168.9         WB    50.00   143B_BOVIN
HLA-DRB10101  169  GLALNFSVFYYEILN  NFSVFYYEI        0.4805        276.0         WB    50.00   143B_BOVIN
HLA-DRB10101  170  LALNFSVFYYEILNS  NFSVFYYEI        0.4849        263.4         WB    50.00   143B_BOVIN
HLA-DRB10101  171  ALNFSVFYYEILNSP  FSVFYYEIL        0.5030        216.4         WB    50.00   143B_BOVIN
HLA-DRB10101  172  LNFSVFYYEILNSPE  YYEILNSPE        0.6223         59.6         WB    32.00   143B_BOVIN
HLA-DRB10101  173  NFSVFYYEILNSPEK  YYEILNSPE        0.6876         29.4         SB    16.00   143B_BOVIN
HLA-DRB10101  174  FSVFYYEILNSPEKA  YYEILNSPE        0.7405         16.6         SB    16.00   143B_BOVIN
HLA-DRB10101  175  SVFYYEILNSPEKAC  YYEILNSPE        0.7423         16.2         SB    16.00   143B_BOVIN
HLA-DRB10101  176  VFYYEILNSPEKACS  YYEILNSPE        0.7145         22.0         SB    16.00   143B_BOVIN
HLA-DRB10101  177  FYYEILNSPEKACSL  YYEILNSPE        0.6542         42.1         SB    32.00   143B_BOVIN
HLA-DRB10101  178  YYEILNSPEKACSLA  YYEILNSPE        0.5416        142.6         WB    50.00   143B_BOVIN
HLA-DRB10101  179  YEILNSPEKACSLAK  NSPEKACSL        0.4256        500.0         WB    50.00   143B_BOVIN
HLA-DRB10101  180  EILNSPEKACSLAKT  NSPEKACSL        0.4897        249.9         WB    50.00   143B_BOVIN
HLA-DRB10101  181  ILNSPEKACSLAKTA  NSPEKACSL        0.4350        451.6         WB    50.00   143B_BOVIN
HLA-DRB10101  182  LNSPEKACSLAKTAF  PEKACSLAK        0.3837        786.9               50.00   143B_BOVIN
HLA-DRB10101  183  NSPEKACSLAKTAFD  KACSLAKTA        0.3251       1483.4               50.00   143B_BOVIN
HLA-DRB10101  184  SPEKACSLAKTAFDE  KACSLAKTA        0.3545       1078.9               50.00   143B_BOVIN
HLA-DRB10101  185  PEKACSLAKTAFDEA  SLAKTAFDE        0.3480       1157.6               50.00   143B_BOVIN
HLA-DRB10101  186  EKACSLAKTAFDEAI  SLAKTAFDE        0.3926        714.8               50.00   143B_BOVIN
HLA-DRB10101  187  KACSLAKTAFDEAIA  SLAKTAFDE        0.4163        553.1               50.00   143B_BOVIN
HLA-DRB10101  188  ACSLAKTAFDEAIAE  SLAKTAFDE        0.3852        774.1               50.00   143B_BOVIN
HLA-DRB10101  189  CSLAKTAFDEAIAEL  SLAKTAFDE        0.3611       1004.7               50.00   143B_BOVIN
HLA-DRB10101  190  SLAKTAFDEAIAELD  FDEAIAELD        0.4082        603.7               50.00   143B_BOVIN
HLA-DRB10101  191  LAKTAFDEAIAELDT  FDEAIAELD        0.4340        456.4         WB    50.00   143B_BOVIN
HLA-DRB10101  192  AKTAFDEAIAELDTL  FDEAIAELD        0.5182        183.6         WB    50.00   143B_BOVIN
HLA-DRB10101  193  KTAFDEAIAELDTLN  FDEAIAELD        0.5476        133.6         WB    50.00   143B_BOVIN
HLA-DRB10101  194  TAFDEAIAELDTLNE  FDEAIAELD        0.4862        259.5         WB    50.00   143B_BOVIN
HLA-DRB10101  195  AFDEAIAELDTLNEE  FDEAIAELD        0.4380        437.5         WB    50.00   143B_BOVIN
HLA-DRB10101  196  FDEAIAELDTLNEES  FDEAIAELD        0.3951        695.8               50.00   143B_BOVIN
HLA-DRB10101  197  DEAIAELDTLNEESY  AIAELDTLN        0.2348       3941.7               50.00   143B_BOVIN
HLA-DRB10101  198  EAIAELDTLNEESYK  LDTLNEESY        0.2476       3432.9               50.00   143B_BOVIN
HLA-DRB10101  199  AIAELDTLNEESYKD  LDTLNEESY        0.2411       3680.7               50.00   143B_BOVIN
HLA-DRB10101  200  IAELDTLNEESYKDS  LDTLNEESY        0.2402       3718.6               50.00   143B_BOVIN
HLA-DRB10101  201  AELDTLNEESYKDST  LDTLNEESY        0.2041       5497.1               50.00   143B_BOVIN
HLA-DRB10101  202  ELDTLNEESYKDSTL  LDTLNEESY        0.1940       6126.6               50.00   143B_BOVIN
HLA-DRB10101  203  LDTLNEESYKDSTLI  LNEESYKDS        0.1961       5991.1               50.00   143B_BOVIN
HLA-DRB10101  204  DTLNEESYKDSTLIM  SYKDSTLIM        0.2670       2781.0               50.00   143B_BOVIN
HLA-DRB10101  205  TLNEESYKDSTLIMQ  SYKDSTLIM        0.3239       1503.3               50.00   143B_BOVIN
HLA-DRB10101  206  LNEESYKDSTLIMQL  SYKDSTLIM        0.4134        570.7               50.00   143B_BOVIN
HLA-DRB10101  207  NEESYKDSTLIMQLL  DSTLIMQLL        0.4805        276.1         WB    50.00   143B_BOVIN
HLA-DRB10101  208  EESYKDSTLIMQLLR  DSTLIMQLL        0.5012        220.7         WB    50.00   143B_BOVIN
HLA-DRB10101  209  ESYKDSTLIMQLLRD  DSTLIMQLL        0.4955        234.8         WB    50.00   143B_BOVIN
HLA-DRB10101  210  SYKDSTLIMQLLRDN  DSTLIMQLL        0.4993        225.4         WB    50.00   143B_BOVIN
HLA-DRB10101  211  YKDSTLIMQLLRDNL  TLIMQLLRD        0.5028        216.9         WB    50.00   143B_BOVIN
HLA-DRB10101  212  KDSTLIMQLLRDNLT  MQLLRDNLT        0.6617         38.9         SB    32.00   143B_BOVIN
HLA-DRB10101  213  DSTLIMQLLRDNLTL  MQLLRDNLT        0.7400         16.7         SB    16.00   143B_BOVIN
HLA-DRB10101  214  STLIMQLLRDNLTLW  MQLLRDNLT        0.7794         10.9         SB     8.00   143B_BOVIN
HLA-DRB10101  215  TLIMQLLRDNLTLWT  MQLLRDNLT        0.8003          8.7         SB     8.00   143B_BOVIN
HLA-DRB10101  216  LIMQLLRDNLTLWTS  MQLLRDNLT        0.7610         13.3         SB     8.00   143B_BOVIN
HLA-DRB10101  217  IMQLLRDNLTLWTSE  MQLLRDNLT        0.6941         27.4         SB    16.00   143B_BOVIN
HLA-DRB10101  218  MQLLRDNLTLWTSEN  MQLLRDNLT        0.6253         57.7         WB    32.00   143B_BOVIN
HLA-DRB10101  219  QLLRDNLTLWTSENQ  QLLRDNLTL        0.3896        738.1               50.00   143B_BOVIN
HLA-DRB10101  220  LLRDNLTLWTSENQG  NLTLWTSEN        0.2855       2276.8               50.00   143B_BOVIN
HLA-DRB10101  221  LRDNLTLWTSENQGD  NLTLWTSEN        0.2582       3058.9               50.00   143B_BOVIN
HLA-DRB10101  222  RDNLTLWTSENQGDE  WTSENQGDE        0.2578       3074.6               50.00   143B_BOVIN
HLA-DRB10101  223  DNLTLWTSENQGDEG  WTSENQGDE        0.2503       3334.3               50.00   143B_BOVIN
HLA-DRB10101  224  NLTLWTSENQGDEGD  WTSENQGDE        0.2523       3262.9               50.00   143B_BOVIN
HLA-DRB10101  225  LTLWTSENQGDEGDA  WTSENQGDE        0.2735       2593.9               50.00   143B_BOVIN
HLA-DRB10101  226  TLWTSENQGDEGDAG  ENQGDEGDA        0.2724       2623.4               50.00   143B_BOVIN
HLA-DRB10101  227  LWTSENQGDEGDAGE  ENQGDEGDA        0.2686       2734.4               50.00   143B_BOVIN
HLA-DRB10101  228  WTSENQGDEGDAGEG  ENQGDEGDA        0.2678       2757.8               50.00   143B_BOVIN
HLA-DRB10101  229  TSENQGDEGDAGEGE  NQGDEGDAG        0.2635       2890.5               50.00   143B_BOVIN
HLA-DRB10101  230  SENQGDEGDAGEGEN  NQGDEGDAG        0.2491       3375.8               50.00   143B_BOVIN
------------------------------------------------------------------------------------------------

Allele: HLA-DRB10101. Number of high binders 50. Number of weak binders 68. Number of peptides 231

------------------------------------------------------------------------------------------------
