# /home/projects/mniel/netMHC-1.1/Linux_ia64/bin/netMHCII test/test.fsa
# Wed Jul 15 08:32:04 2009
# User: mniel
# PWD : /home/projects/mniel/netMHC-1.1
# Host: Linux interaction 2.6.16.54-0.2.12-default ia64
# Command line parameters set to:
#	[-a filename]        HLA-DRB10101         Allele name
#	[-d filename]        /home/projects/mniel/netMHC-1.1/Linux_ia64 Directory for executables and data
#	[-t float]           -99.900002           Threshold for output
#	[-s]                 0                    Sort output on descending affinity
#	[-w]                 0                    w option for webface
#	[-f filename]                             File name with input
#	[-tdir filename]     /scratch             Temporary directory
#	[-wt float]          500.000000           Threshold for weak binders
#	[-st float]          50.000000            Threshold for strong binders
#	[-l int]             15                   Peptide length
#	[-v]                 0                    Verbose mode
#	[-dirty]             0                    Dirty mode
#	[-list]              0                    List alleles covered by NetMHCII method
	NetMHCII version 1.0.

Strong binder threshold  50.00. Weak binder threshold 500.00.

------------------------------------------------------------------------------------------------
      Allele  pos          peptide       core 1-log50k(aff) affinity(nM) Bind Level     Identity
------------------------------------------------------------------------------------------------
HLA-DRB10101    1  TMDKSELVQKAKLAE  ELVQKAKLA        0.4828          269         WB   143B_BOVIN
HLA-DRB10101    2  MDKSELVQKAKLAEQ  ELVQKAKLA        0.4862          260         WB   143B_BOVIN
HLA-DRB10101    3  DKSELVQKAKLAEQA  ELVQKAKLA        0.4902          249         WB   143B_BOVIN
HLA-DRB10101    4  KSELVQKAKLAEQAE  ELVQKAKLA        0.4898          250         WB   143B_BOVIN
HLA-DRB10101    5  SELVQKAKLAEQAER  ELVQKAKLA        0.4197          533              143B_BOVIN
HLA-DRB10101    6  ELVQKAKLAEQAERY  ELVQKAKLA        0.3985          670              143B_BOVIN
HLA-DRB10101    7  LVQKAKLAEQAERYD  QKAKLAEQA        0.3241         1500              143B_BOVIN
HLA-DRB10101    8  VQKAKLAEQAERYDD  KLAEQAERY        0.2805         2404              143B_BOVIN
HLA-DRB10101    9  QKAKLAEQAERYDDM  KLAEQAERY        0.2617         2946              143B_BOVIN
HLA-DRB10101   10  KAKLAEQAERYDDMA  KLAEQAERY        0.2581         3065              143B_BOVIN
HLA-DRB10101   11  AKLAEQAERYDDMAA  LAEQAERYD        0.1926         6221              143B_BOVIN
HLA-DRB10101   12  KLAEQAERYDDMAAA  KLAEQAERY        0.1642         8457              143B_BOVIN
HLA-DRB10101   13  LAEQAERYDDMAAAM  LAEQAERYD        0.1994         5783              143B_BOVIN
HLA-DRB10101   14  AEQAERYDDMAAAMK  AEQAERYDD        0.6057           71         WB   143B_BOVIN
HLA-DRB10101   15  EQAERYDDMAAAMKA  YDDMAAAMK        0.6113           67         WB   143B_BOVIN
HLA-DRB10101   16  QAERYDDMAAAMKAV  YDDMAAAMK        0.6184           62         WB   143B_BOVIN
HLA-DRB10101   17  AERYDDMAAAMKAVT  YDDMAAAMK        0.6214           60         WB   143B_BOVIN
HLA-DRB10101   18  ERYDDMAAAMKAVTE  YDDMAAAMK        0.6180           62         WB   143B_BOVIN
HLA-DRB10101   19  RYDDMAAAMKAVTEQ  YDDMAAAMK        0.5361          151         WB   143B_BOVIN
HLA-DRB10101   20  YDDMAAAMKAVTEQG  YDDMAAAMK        0.5272          167         WB   143B_BOVIN
HLA-DRB10101   21  DDMAAAMKAVTEQGH  MAAAMKAVT        0.4638          331         WB   143B_BOVIN
HLA-DRB10101   22  DMAAAMKAVTEQGHE  AAAMKAVTE        0.4164          552              143B_BOVIN
HLA-DRB10101   23  MAAAMKAVTEQGHEL  MAAAMKAVT        0.3785          832              143B_BOVIN
HLA-DRB10101   24  AAAMKAVTEQGHELS  AVTEQGHEL        0.3680          933              143B_BOVIN
HLA-DRB10101   25  AAMKAVTEQGHELSN  AVTEQGHEL        0.3505         1127              143B_BOVIN
HLA-DRB10101   26  AMKAVTEQGHELSNE  VTEQGHELS        0.3349         1334              143B_BOVIN
HLA-DRB10101   27  MKAVTEQGHELSNEE  VTEQGHELS        0.3337         1352              143B_BOVIN
HLA-DRB10101   28  KAVTEQGHELSNEER  VTEQGHELS        0.2990         1967              143B_BOVIN
HLA-DRB10101   29  AVTEQGHELSNEERN  VTEQGHELS        0.2349         3938              143B_BOVIN
HLA-DRB10101   30  VTEQGHELSNEERNL  VTEQGHELS        0.2142         4927              143B_BOVIN
HLA-DRB10101   31  TEQGHELSNEERNLL  GHELSNEER        0.3067         1810              143B_BOVIN
HLA-DRB10101   32  EQGHELSNEERNLLS  LSNEERNLL        0.3195         1576              143B_BOVIN
HLA-DRB10101   33  QGHELSNEERNLLSV  LSNEERNLL        0.3193         1580              143B_BOVIN
HLA-DRB10101   34  GHELSNEERNLLSVA  LSNEERNLL        0.3238         1505              143B_BOVIN
HLA-DRB10101   35  HELSNEERNLLSVAY  LSNEERNLL        0.4293          481         WB   143B_BOVIN
HLA-DRB10101   36  ELSNEERNLLSVAYK  ERNLLSVAY        0.4164          553              143B_BOVIN
HLA-DRB10101   37  LSNEERNLLSVAYKN  ERNLLSVAY        0.4196          534              143B_BOVIN
HLA-DRB10101   38  SNEERNLLSVAYKNV  ERNLLSVAY        0.5134          193         WB   143B_BOVIN
HLA-DRB10101   39  NEERNLLSVAYKNVV  LLSVAYKNV        0.5322          158         WB   143B_BOVIN
HLA-DRB10101   40  EERNLLSVAYKNVVG  LLSVAYKNV        0.5314          159         WB   143B_BOVIN
HLA-DRB10101   41  ERNLLSVAYKNVVGA  LLSVAYKNV        0.5352          153         WB   143B_BOVIN
HLA-DRB10101   42  RNLLSVAYKNVVGAR  LLSVAYKNV        0.5329          157         WB   143B_BOVIN
HLA-DRB10101   43  NLLSVAYKNVVGARR  LSVAYKNVV        0.6334           53         WB   143B_BOVIN
HLA-DRB10101   44  LLSVAYKNVVGARRS  YKNVVGARR        0.6374           51         WB   143B_BOVIN
HLA-DRB10101   45  LSVAYKNVVGARRSS  YKNVVGARR        0.6361           51         WB   143B_BOVIN
HLA-DRB10101   46  SVAYKNVVGARRSSW  YKNVVGARR        0.6318           54         WB   143B_BOVIN
HLA-DRB10101   47  VAYKNVVGARRSSWR  YKNVVGARR        0.6290           55         WB   143B_BOVIN
HLA-DRB10101   48  AYKNVVGARRSSWRV  YKNVVGARR        0.5324          157         WB   143B_BOVIN
HLA-DRB10101   49  YKNVVGARRSSWRVI  YKNVVGARR        0.5222          176         WB   143B_BOVIN
HLA-DRB10101   50  KNVVGARRSSWRVIS  KNVVGARRS        0.3581         1038              143B_BOVIN
HLA-DRB10101   51  NVVGARRSSWRVISS  GARRSSWRV        0.3034         1877              143B_BOVIN
HLA-DRB10101   52  VVGARRSSWRVISSI  GARRSSWRV        0.2886         2201              143B_BOVIN
HLA-DRB10101   53  VGARRSSWRVISSIE  VGARRSSWR        0.2459         3495              143B_BOVIN
HLA-DRB10101   54  GARRSSWRVISSIEQ  SWRVISSIE        0.4436          412         WB   143B_BOVIN
HLA-DRB10101   55  ARRSSWRVISSIEQK  WRVISSIEQ        0.4462          400         WB   143B_BOVIN
HLA-DRB10101   56  RRSSWRVISSIEQKT  WRVISSIEQ        0.4642          329         WB   143B_BOVIN
HLA-DRB10101   57  RSSWRVISSIEQKTE  WRVISSIEQ        0.4652          326         WB   143B_BOVIN
HLA-DRB10101   58  SSWRVISSIEQKTER  WRVISSIEQ        0.4623          336         WB   143B_BOVIN
HLA-DRB10101   59  SWRVISSIEQKTERN  WRVISSIEQ        0.3944          701              143B_BOVIN
HLA-DRB10101   60  WRVISSIEQKTERNE  WRVISSIEQ        0.3917          722              143B_BOVIN
HLA-DRB10101   61  RVISSIEQKTERNEK  VISSIEQKT        0.2791         2440              143B_BOVIN
HLA-DRB10101   62  VISSIEQKTERNEKK  VISSIEQKT        0.2685         2737              143B_BOVIN
HLA-DRB10101   63  ISSIEQKTERNEKKQ  SIEQKTERN        0.1841         6824              143B_BOVIN
HLA-DRB10101   64  SSIEQKTERNEKKQQ  QKTERNEKK        0.1355        11543              143B_BOVIN
HLA-DRB10101   65  SIEQKTERNEKKQQM  QKTERNEKK        0.1244        13015              143B_BOVIN
HLA-DRB10101   66  IEQKTERNEKKQQMG  QKTERNEKK        0.1054        15984              143B_BOVIN
HLA-DRB10101   67  EQKTERNEKKQQMGK  ERNEKKQQM        0.0315        35555              143B_BOVIN
HLA-DRB10101   68  QKTERNEKKQQMGKE  ERNEKKQQM        0.0395        32615              143B_BOVIN
HLA-DRB10101   69  KTERNEKKQQMGKEY  ERNEKKQQM        0.0922        18441              143B_BOVIN
HLA-DRB10101   70  TERNEKKQQMGKEYR  KKQQMGKEY        0.1272        12631              143B_BOVIN
HLA-DRB10101   71  ERNEKKQQMGKEYRE  KKQQMGKEY        0.1383        11201              143B_BOVIN
HLA-DRB10101   72  RNEKKQQMGKEYREK  KKQQMGKEY        0.1412        10856              143B_BOVIN
HLA-DRB10101   73  NEKKQQMGKEYREKI  QQMGKEYRE        0.1998         5756              143B_BOVIN
HLA-DRB10101   74  EKKQQMGKEYREKIE  MGKEYREKI        0.1919         6271              143B_BOVIN
HLA-DRB10101   75  KKQQMGKEYREKIEA  MGKEYREKI        0.1727         7720              143B_BOVIN
HLA-DRB10101   76  KQQMGKEYREKIEAE  MGKEYREKI        0.1445        10468              143B_BOVIN
HLA-DRB10101   77  QQMGKEYREKIEAEL  MGKEYREKI        0.3215         1543              143B_BOVIN
HLA-DRB10101   78  QMGKEYREKIEAELQ  YREKIEAEL        0.3464         1178              143B_BOVIN
HLA-DRB10101   79  MGKEYREKIEAELQD  YREKIEAEL        0.3454         1191              143B_BOVIN
HLA-DRB10101   80  GKEYREKIEAELQDI  YREKIEAEL        0.3540         1085              143B_BOVIN
HLA-DRB10101   81  KEYREKIEAELQDIC  YREKIEAEL        0.3487         1149              143B_BOVIN
HLA-DRB10101   82  EYREKIEAELQDICN  REKIEAELQ        0.2956         2042              143B_BOVIN
HLA-DRB10101   83  YREKIEAELQDICND  YREKIEAEL        0.2506         3320              143B_BOVIN
HLA-DRB10101   84  REKIEAELQDICNDV  REKIEAELQ        0.1906         6357              143B_BOVIN
HLA-DRB10101   85  EKIEAELQDICNDVL  EAELQDICN        0.4009          653              143B_BOVIN
HLA-DRB10101   86  KIEAELQDICNDVLQ  LQDICNDVL        0.4014          650              143B_BOVIN
HLA-DRB10101   87  IEAELQDICNDVLQL  LQDICNDVL        0.4111          585              143B_BOVIN
HLA-DRB10101   88  EAELQDICNDVLQLL  LQDICNDVL        0.4290          482         WB   143B_BOVIN
HLA-DRB10101   89  AELQDICNDVLQLLD  LQDICNDVL        0.4275          490         WB   143B_BOVIN
HLA-DRB10101   90  ELQDICNDVLQLLDK  LQDICNDVL        0.3548         1076              143B_BOVIN
HLA-DRB10101   91  LQDICNDVLQLLDKY  LQDICNDVL        0.3546         1078              143B_BOVIN
HLA-DRB10101   92  QDICNDVLQLLDKYL  ICNDVLQLL        0.5777           96         WB   143B_BOVIN
HLA-DRB10101   93  DICNDVLQLLDKYLI  VLQLLDKYL        0.6352           52         WB   143B_BOVIN
HLA-DRB10101   94  ICNDVLQLLDKYLIP  LQLLDKYLI        0.6309           54         WB   143B_BOVIN
HLA-DRB10101   95  CNDVLQLLDKYLIPN  LQLLDKYLI        0.6315           54         WB   143B_BOVIN
HLA-DRB10101   96  NDVLQLLDKYLIPNA  LQLLDKYLI        0.6354           52         WB   143B_BOVIN
HLA-DRB10101   97  DVLQLLDKYLIPNAT  LQLLDKYLI        0.6310           54         WB   143B_BOVIN
HLA-DRB10101   98  VLQLLDKYLIPNATQ  DKYLIPNAT        0.5811           93         WB   143B_BOVIN
HLA-DRB10101   99  LQLLDKYLIPNATQP  DKYLIPNAT        0.5722          102         WB   143B_BOVIN
HLA-DRB10101  100  QLLDKYLIPNATQPE  DKYLIPNAT        0.5528          126         WB   143B_BOVIN
HLA-DRB10101  101  LLDKYLIPNATQPES  DKYLIPNAT        0.5528          126         WB   143B_BOVIN
HLA-DRB10101  102  LDKYLIPNATQPESK  DKYLIPNAT        0.4868          258         WB   143B_BOVIN
HLA-DRB10101  103  DKYLIPNATQPESKV  DKYLIPNAT        0.4778          284         WB   143B_BOVIN
HLA-DRB10101  104  KYLIPNATQPESKVF  LIPNATQPE        0.3578         1042              143B_BOVIN
HLA-DRB10101  105  YLIPNATQPESKVFY  YLIPNATQP        0.3184         1595              143B_BOVIN
HLA-DRB10101  106  LIPNATQPESKVFYL  NATQPESKV        0.2778         2475              143B_BOVIN
HLA-DRB10101  107  IPNATQPESKVFYLK  NATQPESKV        0.2194         4656              143B_BOVIN
HLA-DRB10101  108  PNATQPESKVFYLKM  NATQPESKV        0.1836         6859              143B_BOVIN
HLA-DRB10101  109  NATQPESKVFYLKMK  ESKVFYLKM        0.1743         7581              143B_BOVIN
HLA-DRB10101  110  ATQPESKVFYLKMKG  ESKVFYLKM        0.1550         9342              143B_BOVIN
HLA-DRB10101  111  TQPESKVFYLKMKGD  ESKVFYLKM        0.2855         2277              143B_BOVIN
HLA-DRB10101  112  QPESKVFYLKMKGDY  VFYLKMKGD        0.2969         2013              143B_BOVIN
HLA-DRB10101  113  PESKVFYLKMKGDYF  PESKVFYLK        0.6526           43         SB   143B_BOVIN
HLA-DRB10101  114  ESKVFYLKMKGDYFR  YLKMKGDYF        0.6549           42         SB   143B_BOVIN
HLA-DRB10101  115  SKVFYLKMKGDYFRY  YLKMKGDYF        0.6568           41         SB   143B_BOVIN
HLA-DRB10101  116  KVFYLKMKGDYFRYL  YLKMKGDYF        0.6666           37         SB   143B_BOVIN
HLA-DRB10101  117  VFYLKMKGDYFRYLS  YLKMKGDYF        0.6626           39         SB   143B_BOVIN
HLA-DRB10101  118  FYLKMKGDYFRYLSE  YLKMKGDYF        0.5603          116         WB   143B_BOVIN
HLA-DRB10101  119  YLKMKGDYFRYLSEV  YLKMKGDYF        0.5577          120         WB   143B_BOVIN
HLA-DRB10101  120  LKMKGDYFRYLSEVA  MKGDYFRYL        0.5512          129         WB   143B_BOVIN
HLA-DRB10101  121  KMKGDYFRYLSEVAS  YFRYLSEVA        0.7387           17         SB   143B_BOVIN
HLA-DRB10101  122  MKGDYFRYLSEVASG  FRYLSEVAS        0.7415           16         SB   143B_BOVIN
HLA-DRB10101  123  KGDYFRYLSEVASGD  FRYLSEVAS        0.7421           16         SB   143B_BOVIN
HLA-DRB10101  124  GDYFRYLSEVASGDN  FRYLSEVAS        0.7425           16         SB   143B_BOVIN
HLA-DRB10101  125  DYFRYLSEVASGDNK  FRYLSEVAS        0.7363           17         SB   143B_BOVIN
HLA-DRB10101  126  YFRYLSEVASGDNKQ  FRYLSEVAS        0.6417           48         SB   143B_BOVIN
HLA-DRB10101  127  FRYLSEVASGDNKQT  FRYLSEVAS        0.6408           49         SB   143B_BOVIN
HLA-DRB10101  128  RYLSEVASGDNKQTT  YLSEVASGD        0.3928          713              143B_BOVIN
HLA-DRB10101  129  YLSEVASGDNKQTTV  YLSEVASGD        0.3770          846              143B_BOVIN
HLA-DRB10101  130  LSEVASGDNKQTTVS  VASGDNKQT        0.3140         1673              143B_BOVIN
HLA-DRB10101  131  SEVASGDNKQTTVSN  VASGDNKQT        0.2958         2037              143B_BOVIN
HLA-DRB10101  132  EVASGDNKQTTVSNS  VASGDNKQT        0.2275         4268              143B_BOVIN
HLA-DRB10101  133  VASGDNKQTTVSNSQ  VASGDNKQT        0.2412         3679              143B_BOVIN
HLA-DRB10101  134  ASGDNKQTTVSNSQQ  KQTTVSNSQ        0.1828         6920              143B_BOVIN
HLA-DRB10101  135  SGDNKQTTVSNSQQA  QTTVSNSQQ        0.2242         4418              143B_BOVIN
HLA-DRB10101  136  GDNKQTTVSNSQQAY  TTVSNSQQA        0.2284         4222              143B_BOVIN
HLA-DRB10101  137  DNKQTTVSNSQQAYQ  TTVSNSQQA        0.2584         3054              143B_BOVIN
HLA-DRB10101  138  NKQTTVSNSQQAYQE  TTVSNSQQA        0.2578         3072              143B_BOVIN
HLA-DRB10101  139  KQTTVSNSQQAYQEA  TTVSNSQQA        0.2522         3265              143B_BOVIN
HLA-DRB10101  140  QTTVSNSQQAYQEAF  VSNSQQAYQ        0.2252         4372              143B_BOVIN
HLA-DRB10101  141  TTVSNSQQAYQEAFE  VSNSQQAYQ        0.2221         4521              143B_BOVIN
HLA-DRB10101  142  TVSNSQQAYQEAFEI  VSNSQQAYQ        0.2538         3211              143B_BOVIN
HLA-DRB10101  143  VSNSQQAYQEAFEIS  QAYQEAFEI        0.2517         3281              143B_BOVIN
HLA-DRB10101  144  SNSQQAYQEAFEISK  QAYQEAFEI        0.3513         1117              143B_BOVIN
HLA-DRB10101  145  NSQQAYQEAFEISKK  YQEAFEISK        0.3533         1094              143B_BOVIN
HLA-DRB10101  146  SQQAYQEAFEISKKE  YQEAFEISK        0.3527         1101              143B_BOVIN
HLA-DRB10101  147  QQAYQEAFEISKKEM  YQEAFEISK        0.3406         1255              143B_BOVIN
HLA-DRB10101  148  QAYQEAFEISKKEMQ  YQEAFEISK        0.3638          976              143B_BOVIN
HLA-DRB10101  149  AYQEAFEISKKEMQP  FEISKKEMQ        0.3137         1679              143B_BOVIN
HLA-DRB10101  150  YQEAFEISKKEMQPT  FEISKKEMQ        0.3162         1633              143B_BOVIN
HLA-DRB10101  151  QEAFEISKKEMQPTH  FEISKKEMQ        0.3009         1928              143B_BOVIN
HLA-DRB10101  152  EAFEISKKEMQPTHP  FEISKKEMQ        0.3329         1363              143B_BOVIN
HLA-DRB10101  153  AFEISKKEMQPTHPI  ISKKEMQPT        0.3331         1360              143B_BOVIN
HLA-DRB10101  154  FEISKKEMQPTHPIR  KEMQPTHPI        0.3327         1367              143B_BOVIN
HLA-DRB10101  155  EISKKEMQPTHPIRL  KKEMQPTHP        0.4513          379         WB   143B_BOVIN
HLA-DRB10101  156  ISKKEMQPTHPIRLG  MQPTHPIRL        0.4531          372         WB   143B_BOVIN
HLA-DRB10101  157  SKKEMQPTHPIRLGL  MQPTHPIRL        0.4508          381         WB   143B_BOVIN
HLA-DRB10101  158  KKEMQPTHPIRLGLA  MQPTHPIRL        0.4612          340         WB   143B_BOVIN
HLA-DRB10101  159  KEMQPTHPIRLGLAL  MQPTHPIRL        0.4578          353         WB   143B_BOVIN
HLA-DRB10101  160  EMQPTHPIRLGLALN  MQPTHPIRL        0.3847          778              143B_BOVIN
HLA-DRB10101  161  MQPTHPIRLGLALNF  MQPTHPIRL        0.5100          201         WB   143B_BOVIN
HLA-DRB10101  162  QPTHPIRLGLALNFS  IRLGLALNF        0.5207          179         WB   143B_BOVIN
HLA-DRB10101  163  PTHPIRLGLALNFSV  IRLGLALNF        0.6090           69         WB   143B_BOVIN
HLA-DRB10101  164  THPIRLGLALNFSVF  LGLALNFSV        0.6121           67         WB   143B_BOVIN
HLA-DRB10101  165  HPIRLGLALNFSVFY  LGLALNFSV        0.6131           66         WB   143B_BOVIN
HLA-DRB10101  166  PIRLGLALNFSVFYY  LGLALNFSV        0.6033           73         WB   143B_BOVIN
HLA-DRB10101  167  IRLGLALNFSVFYYE  LGLALNFSV        0.5954           80         WB   143B_BOVIN
HLA-DRB10101  168  RLGLALNFSVFYYEI  LGLALNFSV        0.5246          171         WB   143B_BOVIN
HLA-DRB10101  169  LGLALNFSVFYYEIL  LGLALNFSV        0.5388          147         WB   143B_BOVIN
HLA-DRB10101  170  GLALNFSVFYYEILN  FSVFYYEIL        0.4612          340         WB   143B_BOVIN
HLA-DRB10101  171  LALNFSVFYYEILNS  FSVFYYEIL        0.4616          339         WB   143B_BOVIN
HLA-DRB10101  172  ALNFSVFYYEILNSP  FSVFYYEIL        0.4460          401         WB   143B_BOVIN
HLA-DRB10101  173  LNFSVFYYEILNSPE  FSVFYYEIL        0.5003          223         WB   143B_BOVIN
HLA-DRB10101  174  NFSVFYYEILNSPEK  YYEILNSPE        0.5551          123         WB   143B_BOVIN
HLA-DRB10101  175  FSVFYYEILNSPEKA  YEILNSPEK        0.5608          116         WB   143B_BOVIN
HLA-DRB10101  176  SVFYYEILNSPEKAC  YEILNSPEK        0.5601          117         WB   143B_BOVIN
HLA-DRB10101  177  VFYYEILNSPEKACS  YEILNSPEK        0.5606          116         WB   143B_BOVIN
HLA-DRB10101  178  FYYEILNSPEKACSL  YEILNSPEK        0.5397          146         WB   143B_BOVIN
HLA-DRB10101  179  YYEILNSPEKACSLA  YEILNSPEK        0.4653          325         WB   143B_BOVIN
HLA-DRB10101  180  YEILNSPEKACSLAK  YEILNSPEK        0.4418          420         WB   143B_BOVIN
HLA-DRB10101  181  EILNSPEKACSLAKT  EILNSPEKA        0.3098         1750              143B_BOVIN
HLA-DRB10101  182  ILNSPEKACSLAKTA  EKACSLAKT        0.2796         2427              143B_BOVIN
HLA-DRB10101  183  LNSPEKACSLAKTAF  KACSLAKTA        0.3047         1850              143B_BOVIN
HLA-DRB10101  184  NSPEKACSLAKTAFD  ACSLAKTAF        0.2909         2148              143B_BOVIN
HLA-DRB10101  185  SPEKACSLAKTAFDE  ACSLAKTAF        0.2892         2188              143B_BOVIN
HLA-DRB10101  186  PEKACSLAKTAFDEA  ACSLAKTAF        0.3205         1560              143B_BOVIN
HLA-DRB10101  187  EKACSLAKTAFDEAI  ACSLAKTAF        0.3281         1436              143B_BOVIN
HLA-DRB10101  188  KACSLAKTAFDEAIA  AKTAFDEAI        0.3048         1848              143B_BOVIN
HLA-DRB10101  189  ACSLAKTAFDEAIAE  AKTAFDEAI        0.2941         2075              143B_BOVIN
HLA-DRB10101  190  CSLAKTAFDEAIAEL  AKTAFDEAI        0.2890         2193              143B_BOVIN
HLA-DRB10101  191  SLAKTAFDEAIAELD  AKTAFDEAI        0.4326          464         WB   143B_BOVIN
HLA-DRB10101  192  LAKTAFDEAIAELDT  FDEAIAELD        0.4330          461         WB   143B_BOVIN
HLA-DRB10101  193  AKTAFDEAIAELDTL  FDEAIAELD        0.4381          437         WB   143B_BOVIN
HLA-DRB10101  194  KTAFDEAIAELDTLN  FDEAIAELD        0.4388          434         WB   143B_BOVIN
HLA-DRB10101  195  TAFDEAIAELDTLNE  FDEAIAELD        0.4364          445         WB   143B_BOVIN
HLA-DRB10101  196  AFDEAIAELDTLNEE  FDEAIAELD        0.3562         1060              143B_BOVIN
HLA-DRB10101  197  FDEAIAELDTLNEES  FDEAIAELD        0.3476         1163              143B_BOVIN
HLA-DRB10101  198  DEAIAELDTLNEESY  IAELDTLNE        0.3108         1732              143B_BOVIN
HLA-DRB10101  199  EAIAELDTLNEESYK  IAELDTLNE        0.3044         1857              143B_BOVIN
HLA-DRB10101  200  AIAELDTLNEESYKD  LDTLNEESY        0.2810         2392              143B_BOVIN
HLA-DRB10101  201  IAELDTLNEESYKDS  LDTLNEESY        0.2857         2274              143B_BOVIN
HLA-DRB10101  202  AELDTLNEESYKDST  LDTLNEESY        0.2791         2440              143B_BOVIN
HLA-DRB10101  203  ELDTLNEESYKDSTL  LDTLNEESY        0.2350         3932              143B_BOVIN
HLA-DRB10101  204  LDTLNEESYKDSTLI  LDTLNEESY        0.3011         1925              143B_BOVIN
HLA-DRB10101  205  DTLNEESYKDSTLIM  ESYKDSTLI        0.2884         2206              143B_BOVIN
HLA-DRB10101  206  TLNEESYKDSTLIMQ  ESYKDSTLI        0.3209         1552              143B_BOVIN
HLA-DRB10101  207  LNEESYKDSTLIMQL  ESYKDSTLI        0.3294         1417              143B_BOVIN
HLA-DRB10101  208  NEESYKDSTLIMQLL  YKDSTLIMQ        0.4025          642              143B_BOVIN
HLA-DRB10101  209  EESYKDSTLIMQLLR  DSTLIMQLL        0.4023          644              143B_BOVIN
HLA-DRB10101  210  ESYKDSTLIMQLLRD  DSTLIMQLL        0.4041          631              143B_BOVIN
HLA-DRB10101  211  SYKDSTLIMQLLRDN  DSTLIMQLL        0.3967          684              143B_BOVIN
HLA-DRB10101  212  YKDSTLIMQLLRDNL  DSTLIMQLL        0.4653          325         WB   143B_BOVIN
HLA-DRB10101  213  KDSTLIMQLLRDNLT  IMQLLRDNL        0.6723           35         SB   143B_BOVIN
HLA-DRB10101  214  DSTLIMQLLRDNLTL  MQLLRDNLT        0.6821           31         SB   143B_BOVIN
HLA-DRB10101  215  STLIMQLLRDNLTLW  MQLLRDNLT        0.6778           33         SB   143B_BOVIN
HLA-DRB10101  216  TLIMQLLRDNLTLWT  MQLLRDNLT        0.6803           32         SB   143B_BOVIN
HLA-DRB10101  217  LIMQLLRDNLTLWTS  MQLLRDNLT        0.6765           33         SB   143B_BOVIN
HLA-DRB10101  218  IMQLLRDNLTLWTSE  MQLLRDNLT        0.5782           96         WB   143B_BOVIN
HLA-DRB10101  219  MQLLRDNLTLWTSEN  MQLLRDNLT        0.5737          101         WB   143B_BOVIN
HLA-DRB10101  220  QLLRDNLTLWTSENQ  LRDNLTLWT        0.3502         1131              143B_BOVIN
HLA-DRB10101  221  LLRDNLTLWTSENQG  LRDNLTLWT        0.3053         1838              143B_BOVIN
HLA-DRB10101  222  LRDNLTLWTSENQGD  NLTLWTSEN        0.2980         1988              143B_BOVIN
HLA-DRB10101  223  RDNLTLWTSENQGDE  LTLWTSENQ        0.2623         2926              143B_BOVIN
HLA-DRB10101  224  DNLTLWTSENQGDEG  LTLWTSENQ        0.2363         3876              143B_BOVIN
HLA-DRB10101  225  NLTLWTSENQGDEGD  LWTSENQGD        0.1973         5916              143B_BOVIN
HLA-DRB10101  226  LTLWTSENQGDEGDA  LWTSENQGD        0.1723         7749              143B_BOVIN
HLA-DRB10101  227  TLWTSENQGDEGDAG  LWTSENQGD        0.0596        26229              143B_BOVIN
HLA-DRB10101  228  LWTSENQGDEGDAGE  LWTSENQGD        0.0417        31860              143B_BOVIN
HLA-DRB10101  229  WTSENQGDEGDAGEG  NQGDEGDAG        0.0000        50000              143B_BOVIN
HLA-DRB10101  230  TSENQGDEGDAGEGE  NQGDEGDAG        0.0000        50000              143B_BOVIN
HLA-DRB10101  231  SENQGDEGDAGEGEN  NQGDEGDAG        0.0000        50000              143B_BOVIN
------------------------------------------------------------------------------------------------

Allele: HLA-DRB10101. Number of high binders 17. Number of weak binders 80. Number of peptides 231

------------------------------------------------------------------------------------------------
